// Jest Snapshot v1, https://goo.gl/fbAQLP

exports[`can be created, with default name 1`] = `"Untitled Graph"`;
